Conference:YoutubeChannelURL
44CON:https://www.youtube.com/channel/UClHEqZqPN3Pu2mlpqbSRdyQ
AlligatorCon:None
AMUSEC:None
AVAR:None
BalCCon:https://www.youtube.com/channel/UCoHypmu8rxlB5Axh5JxFZsA
Black Hat:https://www.youtube.com/channel/UCJ6q9Ie29ajGqKApbLqfBOg
BruCON:https://www.youtube.com/channel/UCqwMU1l90lf9BLersW6eAHw
BSides Athens:https://www.youtube.com/channel/UCU9YvOkpgci8EQXnzMXRqXw
BSides Bern:None
BSides Budapest:https://www.youtube.com/channel/UCxrjgwmPA1HLszplZOtjF3Q
BSides Lancashire:https://www.youtube.com/channel/UCxDCKy85C1u70CaspTj5-Ew
BSides Las Vegas:https://www.youtube.com/channel/UCpNGmljppAJbTIA5Msms1Pw
BSides Leeds:https://www.youtube.com/channel/UCdnz7EZERHqmluR8RC2Y8pA
BSides Lisbon:https://www.youtube.com/channel/UC_M0dk4dvcBr_rFgi710D4Q
BSides London:https://www.youtube.com/channel/UCXXNOelGiY_N96a2nfhcaDA
BSides San Francisco:https://www.youtube.com/channel/UCWemrSP6Aba171jXReCz_Qg
Chaos Communication Congress:https://www.youtube.com/channel/UC2TXq_t06Hjdr2g_KdKpHQg
Copenhagen CyberCrime Conference:https://www.youtube.com/channel/UCGg7LTmeRsPp-I2nose4f5w
DefCamp:https://www.youtube.com/channel/UCc05xgnkf4YZEdn3zBJRFkA
DEF CON:https://www.youtube.com/channel/UC6Om9kAkl32dWlDSNlDS9Iw
DEF CON Switzerland:https://www.youtube.com/channel/UCk3dh4D63LHX6Sdagacyamw
DeepSec:None
Elbsides:https://www.youtube.com/channel/UC1kRI13BZ6KMCwtGttD5Arg
EkoParty:https://www.youtube.com/channel/UCiVNwNkoMapaeyr9o6XEonA
Hack in Paris:https://www.youtube.com/channel/UC7xJU9_oqw-vS6OJExS-2iA
Hack in the Box:https://www.youtube.com/channel/UC0BJVNTIEbG8CLG-xVVWJnA
Hackers 2 Hackers Conference (H2HC):https://www.youtube.com/channel/UCcbclCkQytwH1YCQLla-0WQ
Hackers On Planet Earth (HOPE):https://www.youtube.com/channel/UC_GRMAkr6nIEx8smcOH1CNw
Hacktivity:https://www.youtube.com/channel/UC71Pa-YHA32hYPKTRjZgbXw
Hardwear.io:https://www.youtube.com/channel/UChwYb9xc9tZXquQxu4G0l_g
Hexacon:https://www.youtube.com/channel/UCtzuVwPhBVFAQnes0NrqxBA
Insomni’hack:https://www.youtube.com/channel/UCGdJZb8OWZPrRK8PuEeoZuA
Layer 8 Conference:https://www.youtube.com/channel/UCynWOUeHAOflEQtJnrZpkNA
LeHACK:https://www.youtube.com/channel/UCSxk_CUfES4ly5Sspc0Vorw
M0lecon:https://www.youtube.com/channel/UCw2Y3Ijc88H2-ddO2dFOm7Q
No cON Name:None
NoHat:None
NDSS Symposium:https://www.youtube.com/channel/UCL2H6Z8JNydJgOjbmfu7JFg
NorthSec:https://www.youtube.com/channel/UCqVhMzTdQK5VAosAGkMtpJw
OffensiveCon:https://www.youtube.com/channel/UCMNvAtT4ak2azKNk6UlB1QQ
Open Security Conference:None
PancakesCon:https://www.youtube.com/channel/UCAnBQGSBDlEbq11dkAreUGg
PivotCon:None
REcon:https://www.youtube.com/channel/UCqn2811xAehfLgpEy386T8Q
SecTor:https://www.youtube.com/channel/UChoKA8GQo6XIRxJOIDE15oA
SecSea:https://www.youtube.com/channel/UCwl7PMtEP1RHSctYxRR28qQ
Security Fest:https://www.youtube.com/channel/UCByLDp7r7gHGoO7yYMYFeWQ
Sec-T:https://www.youtube.com/channel/UCL5yuKaX1CT1Ih3Znf7r29w
ShmooCon:None
Swiss Cyber Storm:https://www.youtube.com/channel/UCIbG1QuqSgNtg_6kml8tyyg
T2:None
Troopers:https://www.youtube.com/channel/UCPY5aUREHmbDO4PtR6AYLfQ
UYBHYS:None
Virus Bulletin Conference:https://www.youtube.com/channel/UCrWiEssvRxkygN3nYgNUP4g
Volcamp:https://www.youtube.com/channel/UC5iGUFHEJbSTU5wpbT6KIcw
Wild West Hackin' Fest:https://www.youtube.com/channel/UCef0TWni8ghLcJphdmDBoxw
Zero Day Con:None
